[2026-05-23 00:05:08] [ERROR] [MAPA] Token desconocido 'V' en [5,10] — tratado como camino
[2026-05-23 00:05:08] [ERROR] [MAPA] Token desconocido 'V' en [5,13] — tratado como camino
[2026-05-23 00:05:08] [ERROR] [MAPA] Token desconocido 'V' en [5,18] — tratado como camino
[2026-05-23 00:05:08] [ERROR] [MAPA] Token desconocido 'V' en [5,20] — tratado como camino
[2026-05-23 00:05:08] [ERROR] [MAPA] Token desconocido 'V' en [5,22] — tratado como camino
[2026-05-23 00:07:28] [ERROR] [MAPA] Token desconocido 'V' en [5,10] — tratado como camino
[2026-05-23 00:07:28] [ERROR] [MAPA] Token desconocido 'V' en [5,13] — tratado como camino
[2026-05-23 00:07:28] [ERROR] [MAPA] Token desconocido 'V' en [5,18] — tratado como camino
[2026-05-23 00:07:28] [ERROR] [MAPA] Token desconocido 'V' en [5,20] — tratado como camino
[2026-05-23 00:07:28] [ERROR] [MAPA] Token desconocido 'V' en [5,22] — tratado como camino
[2026-05-23 09:40:05] [INFO] [TEST] mensaje de prueba error
[2026-05-23 09:40:39] [INFO] [TEST] mensaje de prueba info
[2026-05-23 09:41:08] [INFO] [TEST] entrada 1
[2026-05-23 09:41:08] [INFO] [TEST] entrada 2
[2026-05-23 09:41:08] [INFO] [TEST] entrada error
[2026-05-23 09:44:47] [INFO] [TEST] mensaje de prueba error
[2026-05-23 09:45:00] [INFO] [TEST] mensaje de prueba info
[2026-05-23 09:45:05] [INFO] [TEST] entrada 1
[2026-05-23 09:45:05] [INFO] [TEST] entrada 2
[2026-05-23 09:45:05] [INFO] [TEST] entrada error
[2026-05-23 09:45:07] [INFO] [TEST] mensaje de prueba error
[2026-05-23 09:45:42] [INFO] [TEST] mensaje de prueba info
[2026-05-23 09:46:02] [INFO] [TEST] entrada 1
[2026-05-23 09:46:02] [INFO] [TEST] entrada 2
[2026-05-23 09:46:02] [INFO] [TEST] entrada error
[2026-05-23 09:48:10] [INFO] [TEST] mensaje de prueba error
[2026-05-23 09:49:04] [INFO] [TEST] mensaje de prueba info
[2026-05-23 09:49:51] [INFO] [TEST] entrada 1
[2026-05-23 09:49:51] [INFO] [TEST] entrada 2
[2026-05-23 09:49:51] [INFO] [TEST] entrada error
[2026-05-23 09:53:27] [INFO] [TEST] mensaje de prueba error
[2026-05-23 09:54:36] [INFO] [TEST] mensaje de prueba info
[2026-05-23 09:55:29] [INFO] [TEST] entrada 1
[2026-05-23 09:55:29] [INFO] [TEST] entrada 2
[2026-05-23 09:55:29] [INFO] [TEST] entrada error
[2026-05-23 10:15:27] [INFO] [TEST] mensaje de prueba error
[2026-05-23 10:16:35] [INFO] [TEST] mensaje de prueba info
[2026-05-23 10:17:51] [INFO] [TEST] entrada 1
[2026-05-23 10:17:51] [INFO] [TEST] entrada 2
[2026-05-23 10:17:51] [INFO] [TEST] entrada error
[2026-05-23 11:23:02] [INFO] [TEST] mensaje de prueba error
[2026-05-23 11:23:42] [INFO] [TEST] mensaje de prueba info
[2026-05-23 11:24:25] [INFO] [TEST] entrada 1
[2026-05-23 11:24:25] [INFO] [TEST] entrada 2
[2026-05-23 11:24:25] [INFO] [TEST] entrada error
